{
    "PATTERN": {
        "tel": ["+44(0)20 7222 5152"],
        "addr": ["SW1P 3PA"],
        "email": ["info@westminster"]
    },
    "NER": {
        "LOC": [
            "Cambridge",
            "Launceston",
            "England",
            "Cornwall"
        ],
        "ORG": [
            "St John's College",
            "Westminster Abbey Library",
            "Westminster Abbey",
            "Cambridge Observatory",
            "St Giles cemetery"
        ],
        "PER": [
            "John Couch Adams",
            "William Grylls Adams",
            "Thomas Adams",
            "John Couch",
            "John",
            "Albert Bruce-Joy",
            "Elizabeth Bruce",
            "Newton",
            "Tabitha",
            "professor",
            "Director",
            "George"
        ]
    },
    "url": "http://www.westminster-abbey.org/our-history/people/john-couch-adams"
}