{
    "PATTERN": {
        "tel": [
            "(516) 802-5388",
            "(516) 802-5388",
            "(516) 802-5388"
        ],
        "addr": ["839 Hastings St  Baldwin, New York 11510"],
        "email": []
    },
    "NER": {
        "LOC": [
            "New York",
            "Baldwin",
            "Atlanta",
            "Bronx",
            "Brooklyn",
            "Chicago",
            "Cleveland",
            "Dallas",
            "Denver",
            "Detroit",
            "Houston",
            "Las Vegas",
            "Los Angeles",
            "Miami",
            "Minneapolis",
            "New York",
            "Philadelphia",
            "Phoenix",
            "Saint Louis",
            "San Antonio",
            "San Diego",
            "San Jose"
        ],
        "ORG": [
            "Addo Trucking",
            "Addo Trucking Addo Trucking"
        ],
        "PER": []
    },
    "url": "https://www.chamberofcommerce.com/baldwin-ny/7150427-addo-trucking"
}