{
    "PATTERN": {
        "tel": ["08454 70 80 81",
            "+44 (0)20 7320 5757"],
        "addr": ["WS13 6DP",
            "27 Lombard Street"],
        "email": ["fa@adcocks.com"]
    },
    "NER": {
        "LOC": ["Lichfield",
        "Staffordshire",
        "England"],
        "ORG": [
            "Adcocks Solicitors Limited",
            "Chancery House",
            "My Law Society",
            "Solicitors Regulation Authority"
        ],
        "PER": [
            "Hedley John Adcock",
            "representative"
        ]
    },
    "url": "http://solicitors.lawsociety.org.uk/person/5862/hedley-john-adcock"
}