{
    "PATTERN": {
        "tel": [
            "0845 497 8160",
            "+44 161 831 8160",
            "0845 497 8888",
            "+44 161 831 8888"
        ],
        "addr": ["M1 5ES",
            "70 Great Bridgewater Street"],
        "email": []
    },
    "NER": {
        "LOC": ["Manchester",
            "United Kingdom"],
        "ORG": [
            "Eversheds House",
            "United Kingdom Construction",
            "United Kingdom Websites",
            "Thomson Reuters",
            "Facebook",
            "Google"
        ],
        "PER": [
            "Engineering Lawyer",
            "Helen Achilleos",
            "Helen Eversheds LLP Eversheds",
            "Attorney"
        ]
    },
    "url": "http://pview.findlaw.com/view/4763578_1"
}