{
    "PATTERN": {
        "tel": [
            "+44 121 232 1389",
            "+44 121 232 1389"
        ],
        "addr": [],
        "email": ["helenannable@eversheds.com"]
    },
    "NER": {
        "LOC": [
            "Estonia",
            "Austria",
            "China",
            "Minworth",
            "United Kingdom",
            "Midlands"
        ],
        "ORG": [
            "Eversheds International Eversheds Global Global English Global Français Global Español Global",
            "Eversheds International",
            "Eversheds International",
            "Eversheds LLP",
            "Mitchells & Butlers Retail Limited",
            "Österreich Belgium China",
            "Midpoint Park",
            "Hozelock Group",
            "Unipart Group of Companies"
        ],
        "PER": [
            "Helen Annable",
            "Partner",
            "Iftkhar Ahmed"
        ]
    },
    "url": "http://www.eversheds.com/global/en/who/people/index.page?person=en/Annable_Helen"
}