{
    "PATTERN": {
        "tel": ["(903) 757-3311"],
        "addr": ["320 E. Methvin St. Longview",
        "TX 75601"],
        "email": []
    },
    "NER": {
        "LOC": [
            "Longview",
            "Methvin St. Longview",
            "Rosewood Park"
        ],
        "ORG": ["Rader Funeral Home",
            "Facebook",
            "Twitter"],
        "PER": [
            "James Stephen Adams",
            "Cass Gregg Harrison Marion Morris Panola Rusk",
            "James Stephen",
            "Steve Adams",
            "Editor"
        ]
    },
    "url": "https://www.news-journal.com/obituaries/2010/jun/18/james-stephen-adams/"
}