{
    "PATTERN": {
        "tel": [
            "01582 469003",
            "01582 469003",
            "1 Valley Rise, Wheathampstead, Herts"
        ],
        "addr": [
            "AL4 8JF",
            "AL4 8JF"
        ],
        "email": ["info@ianscottphotography.co.uk"]
    },
    "NER": {
        "LOC": [
            "Wheathampstead St Albans Hertfordshire",
            "Hertfordshire",
            "England",
            "London",
            "Wales",
            "Bedfordshire",
            "Buckinghamshire"
        ],
        "ORG": [
            "Ian Scott Photography Lucy",
            "Priory Barn"
        ],
        "PER": [
            "Ian Scott",
            "Chris Aconley",
            "Lucy"
        ]
    },
    "url": "http://www.ianscottphotography.co.uk/lucy-chris-aconley-priory-barn-little-wymondley-18th-june-2010/"
}