{
    "PATTERN": {
        "tel": ["0844 245 4000"],
        "addr": ["LS3 1AB"],
        "email": ["MBX_PLX_GeneralHRQueries@Plexuslaw.co.uk"]
    },
    "NER": {
        "LOC": [],
        "ORG": [
            "My Law Society",
            "Solicitors Regulation Authority"
        ],
        "PER": [
            "Naima Abdul-Rasool",
            "representative"
        ]
    },
    "url": "http://solicitors.lawsociety.org.uk/person/56803/naima-abdul-rasool"
}