{
    "PATTERN": {
        "tel": [],
        "addr": [],
        "email": []
    },
    "NER": {
        "LOC": [
            "Toronto",
            "Hollywood"
        ],
        "ORG": [
            "Amazon",
            "IMDb"
        ],
        "PER": [
            "Louisa Adams",
            "Jill Soloway",
            "Eva Longoria",
            "Official",
            "Lou Â 2015/I",
            "Professional Services"
        ]
    },
    "url": "http://www.imdb.com/name/nm6582190/"
}